Microchip MPLAB XC8 Compiler V2.30

Linker command line:

-W-3 --edf=C:\Program Files\Microchip\xc8\v2.30\pic\dat\en_msgs.txt -cn \
  -h+dist/default/production\RobotVacuumCleaner.X.production.sym \
  --cmf=dist/default/production\RobotVacuumCleaner.X.production.cmf -z \
  -Q16F877A -oC:\Users\PhamDang\AppData\Local\Temp\s228x2 \
  --defsym=__MPLAB_BUILD=1 \
  -Mdist/default/production/RobotVacuumCleaner.X.production.map -E1 \
  -ver=XC8 Compiler --acfsm=1493 -ASTACK=0110h-016Fh -pstack=STACK \
  -ACODE=00h-07FFhx4 -ASTRCODE=00h-01FFFh -ASTRING=00h-0FFhx32 \
  -ACONST=00h-0FFhx32 -AENTRY=00h-0FFhx32 -ACOMMON=070h-07Fh \
  -ABANK0=020h-06Fh -ABANK1=0A0h-0EFh -ABANK2=0110h-016Fh \
  -ABANK3=0190h-01EFh -ARAM=020h-06Fh,0A0h-0EFh,0110h-016Fh,0190h-01EFh \
  -AABS1=020h-07Fh,0A0h-0EFh,0110h-016Fh,0190h-01EFh -ASFR0=00h-01Fh \
  -ASFR1=080h-09Fh -ASFR2=0100h-010Fh -ASFR3=0180h-018Fh \
  -ACONFIG=02007h-02007h -DCONFIG=2 -AIDLOC=02000h-02003h -DIDLOC=2 \
  -AEEDATA=00h-0FFh/02100h -peeprom_data=EEDATA -DEEDATA=2 -DCODE=2 \
  -DSTRCODE=2 -DSTRING=2 -DCONST=2 -DENTRY=2 \
  -preset_vec=00h,intentry,init,end_init -ppowerup=CODE -pcinit=CODE \
  -pfunctab=ENTRY -k C:\Users\PhamDang\AppData\Local\Temp\s228xg.o \
  dist/default/production\RobotVacuumCleaner.X.production.o 

Object code version is 3.11

Machine type is 16F877A



                Name                               Link     Load   Length Selector   Space Scale
C:\Users\PhamDang\AppData\Local\Temp\s228xg.o
                end_init                              0        0        3        0       0
                config                             2007     2007        1        0       4
dist/default/production\RobotVacuumCleaner.X.production.o
                cinit                               7F6      7F6        A      FEC       0
                config                             2007     2007        1        0       4
                text17                              619      619      1DD      C32       0
                text16                              34F      34F       7C      69E       0
                text15                              3CB      3CB       BA      796       0
                text14                              29A      29A       50      534       0
                text13                               E7       E7        A      1CE       0
                text12                              24B      24B       4F      496       0
                text11                              111      111       16      222       0
                text10                              2EA      2EA       65      5D4       0
                text9                                F1       F1        E      1E2       0
                text8                               127      127       17      24E       0
                text7                               163      163       2B      2C6       0
                text6                                DF       DF        8      1BE       0
                text5                               207      207       44      40E       0
                text4                               18E      18E       3A      31C       0
                text3                               13E      13E       25      27C       0
                text2                                FF       FF       12      1FE       0
                text1                               485      485      194      90A       0
                maintext                            1C8      1C8       3F      390       0
                cstackBANK0                          20       20       30       20       1
                cstackCOMMON                         70       70        E       70       1
                bssBANK0                             50       50        4       20       1
                strings                               3        3       15        6       0

TOTAL           Name                               Link     Load   Length     Space
        CLASS   STACK          

        CLASS   CODE           
                end_init                              0        0        3         0
                cinit                               7F6      7F6        A         0
                text17                              619      619      1DD         0
                text16                              34F      34F       7C         0
                text15                              3CB      3CB       BA         0
                text14                              29A      29A       50         0
                text13                               E7       E7        A         0
                text12                              24B      24B       4F         0
                text11                              111      111       16         0
                text10                              2EA      2EA       65         0
                text9                                F1       F1        E         0
                text8                               127      127       17         0
                text7                               163      163       2B         0
                text6                                DF       DF        8         0
                text5                               207      207       44         0
                text4                               18E      18E       3A         0
                text3                               13E      13E       25         0
                text2                                FF       FF       12         0
                text1                               485      485      194         0
                maintext                            1C8      1C8       3F         0

        CLASS   STRCODE        

        CLASS   STRING         
                strings                               3        3       15         0

        CLASS   CONST          

        CLASS   ENTRY          

        CLASS   COMMON         
                cstackCOMMON                         70       70        E         1

        CLASS   BANK0          
                cstackBANK0                          20       20       30         1
                bssBANK0                             50       50        4         1

        CLASS   BANK1          

        CLASS   BANK2          

        CLASS   BANK3          

        CLASS   RAM            

        CLASS   ABS1           
                abs_s1                               7E       7E        2         1

        CLASS   SFR0           

        CLASS   SFR1           

        CLASS   SFR2           

        CLASS   SFR3           

        CLASS   CONFIG         
                config                             2007     2007        1         4

        CLASS   IDLOC          

        CLASS   EEDATA         



SEGMENTS        Name                           Load    Length   Top    Selector   Space  Class     Delta

                reset_vec                      000000  000003  000003         0       0  CODE        2
                strings                        000003  000015  000018         6       0  STRING      2
                cstackBANK0                    000020  000034  000054        20       1  BANK0       1
                cstackCOMMON                   000070  00000E  00007E        70       1  COMMON      1
                text6                          0000DF  000008  0000E7       1BE       0  CODE        2
                text13                         0000E7  00000A  0000F1       1CE       0  CODE        2
                text9                          0000F1  00000E  0000FF       1E2       0  CODE        2
                text2                          0000FF  000012  000111       1FE       0  CODE        2
                text11                         000111  000016  000127       222       0  CODE        2
                text8                          000127  000017  00013E       24E       0  CODE        2
                text3                          00013E  000025  000163       27C       0  CODE        2
                text7                          000163  00002B  00018E       2C6       0  CODE        2
                text4                          00018E  00003A  0001C8       31C       0  CODE        2
                maintext                       0001C8  00003F  000207       390       0  CODE        2
                text5                          000207  000044  00024B       40E       0  CODE        2
                text12                         00024B  00004F  00029A       496       0  CODE        2
                text14                         00029A  000050  0002EA       534       0  CODE        2
                text10                         0002EA  000065  00034F       5D4       0  CODE        2
                text16                         00034F  00007C  0003CB       69E       0  CODE        2
                text15                         0003CB  0000BA  000485       796       0  CODE        2
                text1                          000485  000194  000619       90A       0  CODE        2
                text17                         000619  0001DD  0007F6       C32       0  CODE        2
                cinit                          0007F6  00000A  000800       FEC       0  CODE        2


UNUSED ADDRESS RANGES

        Name                Unused          Largest block    Delta
        BANK0            0054-006F             1C           1
        BANK1            00A0-00EF             50           1
        BANK2            0110-016F             60           1
        BANK3            0190-01EF             60           1
        CODE             0018-00DE             C7           2
                         0800-1FFF            800
        CONST            0018-00DE             C7           2
                         0800-1FFF            100
        EEDATA           2100-21FF            100           2
        ENTRY            0018-00DE             C7           2
                         0800-1FFF            100
        IDLOC            2000-2003              4           2
        RAM              0054-006F             1C           1
                         00A0-00EF             50
                         0110-016F             60
                         0190-01EF             60
        SFR0             0000-001F             20           1
        SFR1             0080-009F             20           1
        SFR2             0100-010F             10           1
        SFR3             0180-018F             10           1
        STACK            0110-016F             60           1
        STRCODE          0018-00DE             C7           2
                         0800-1FFF           1800
        STRING           0018-00DE             C7           2
                         0800-1FFF            100

                                  Symbol Table

?___fldiv                      cstackBANK0  0020
?___fltol                      cstackBANK0  003A
?___lwdiv                      cstackCOMMON 0070
?___lwmod                      cstackCOMMON 0078
?___wmul                       cstackCOMMON 0070
?___xxtofl                     cstackCOMMON 0070
?_sprintf                      cstackBANK0  0020
LCD_PutChar@data               cstackCOMMON 0074
LCD_PutString@str              cstackCOMMON 0076
LCD_Send4Bit@data              cstackCOMMON 0071
LCD_SendCommand@command        cstackCOMMON 0073
_CCP1M2                        (abs)        00BA
_CCP1M3                        (abs)        00BB
_CCP1X                         (abs)        00BD
_CCP1Y                         (abs)        00BC
_CCP2M2                        (abs)        00EA
_CCP2M3                        (abs)        00EB
_CCP2X                         (abs)        00ED
_CCP2Y                         (abs)        00EC
_CCPR1L                        (abs)        0015
_CCPR2L                        (abs)        001B
_HCSR04_Get_Distance           text14       029A
_HCSR04_Init                   text13       00E7
_LCD_Init                      text10       02EA
_LCD_PutChar                   text9        00F1
_LCD_PutString                 text8        0127
_LCD_Send4Bit                  text12       024B
_LCD_SendCommand               text11       0111
_RB0                           (abs)        0030
_RB1                           (abs)        0031
_RB2                           (abs)        0032
_RB3                           (abs)        0033
_RC4                           (abs)        003C
_RC5                           (abs)        003D
_RD0                           (abs)        0040
_RD1                           (abs)        0041
_RD2                           (abs)        0042
_RD4                           (abs)        0044
_RD5                           (abs)        0045
_RD6                           (abs)        0046
_RD7                           (abs)        0047
_T1CKPS0                       (abs)        0084
_T1CKPS1                       (abs)        0085
_T2CKPS0                       (abs)        0090
_T2CKPS1                       (abs)        0091
_TMR1                          (abs)        000E
_TMR1CS                        (abs)        0081
_TMR1H                         (abs)        000F
_TMR1L                         (abs)        000E
_TMR1ON                        (abs)        0080
_TMR2ON                        (abs)        0092
_TRISC1                        (abs)        0439
_TRISC2                        (abs)        043A
_TRISC4                        (abs)        043C
_TRISC5                        (abs)        043D
_TRISD                         (abs)        0088
__Habs1                        abs1         0000
__Hbank0                       bank0        0000
__Hbank1                       bank1        0000
__Hbank2                       bank2        0000
__Hbank3                       bank3        0000
__HbssBANK0                    bssBANK0     0000
__Hcinit                       cinit        0800
__Hclrtext                     clrtext      0000
__Hcode                        code         0000
__Hcommon                      common       0000
__Hconfig                      config       2008
__HcstackBANK0                 cstackBANK0  0000
__HcstackCOMMON                cstackCOMMON 0000
__Heeprom_data                 eeprom_data  0000
__Hend_init                    end_init     0003
__Hfunctab                     functab      0000
__Hinit                        init         0000
__Hintentry                    intentry     0000
__Hmaintext                    maintext     0000
__Hpowerup                     powerup      0000
__Hram                         ram          0000
__Hreset_vec                   reset_vec    0000
__Hsfr0                        sfr0         0000
__Hsfr1                        sfr1         0000
__Hsfr2                        sfr2         0000
__Hsfr3                        sfr3         0000
__Hspace_0                     (abs)        0800
__Hspace_1                     (abs)        007E
__Hspace_2                     (abs)        0000
__Hspace_3                     (abs)        0000
__Hspace_4                     (abs)        400F
__Hstack                       stack        0000
__Hstrings                     strings      0000
__Htext                        text         0000
__Labs1                        abs1         0000
__Lbank0                       bank0        0000
__Lbank1                       bank1        0000
__Lbank2                       bank2        0000
__Lbank3                       bank3        0000
__LbssBANK0                    bssBANK0     0000
__Lcinit                       cinit        07F6
__Lclrtext                     clrtext      0000
__Lcode                        code         0000
__Lcommon                      common       0000
__Lconfig                      config       0000
__LcstackBANK0                 cstackBANK0  0000
__LcstackCOMMON                cstackCOMMON 0000
__Leeprom_data                 eeprom_data  0000
__Lend_init                    end_init     0000
__Lfunctab                     functab      0000
__Linit                        init         0000
__Lintentry                    intentry     0000
__Lmaintext                    maintext     0000
__Lpowerup                     powerup      0000
__Lram                         ram          0000
__Lreset_vec                   reset_vec    0000
__Lsfr0                        sfr0         0000
__Lsfr1                        sfr1         0000
__Lsfr2                        sfr2         0000
__Lsfr3                        sfr3         0000
__Lspace_0                     (abs)        0000
__Lspace_1                     (abs)        0000
__Lspace_2                     (abs)        0000
__Lspace_3                     (abs)        0000
__Lspace_4                     (abs)        0000
__Lstack                       stack        0000
__Lstrings                     strings      0000
__Ltext                        text         0000
__S0                           (abs)        0800
__S1                           (abs)        007E
__S2                           (abs)        0000
__S3                           (abs)        0000
___fldiv                       text17       0619
___fldiv@a                     cstackBANK0  0020
___fldiv@aexp                  cstackBANK0  0039
___fldiv@b                     cstackBANK0  0024
___fldiv@bexp                  cstackBANK0  0038
___fldiv@grs                   cstackBANK0  0034
___fldiv@new_exp               cstackBANK0  0032
___fldiv@rem                   cstackBANK0  002D
___fldiv@sign                  cstackBANK0  0031
___fltol                       text16       034F
___fltol@exp1                  cstackBANK0  0044
___fltol@f1                    cstackBANK0  003A
___fltol@sign1                 cstackBANK0  0043
___int_sp                      stack        0000
___latbits                     (abs)        0002
___lwdiv                       text5        0207
___lwdiv@counter               cstackCOMMON 0077
___lwdiv@dividend              cstackCOMMON 0072
___lwdiv@divisor               cstackCOMMON 0070
___lwdiv@quotient              cstackCOMMON 0075
___lwmod                       text4        018E
___lwmod@counter               cstackCOMMON 007D
___lwmod@dividend              cstackCOMMON 007A
___lwmod@divisor               cstackCOMMON 0078
___sp                          stack        0000
___stackhi                     (abs)        0000
___stacklo                     (abs)        0000
___wmul                        text3        013E
___wmul@multiplicand           cstackCOMMON 0072
___wmul@multiplier             cstackCOMMON 0070
___wmul@product                cstackCOMMON 0074
___xxtofl                      text15       03CB
___xxtofl@arg                  cstackCOMMON 007A
___xxtofl@exp                  cstackCOMMON 0079
___xxtofl@sign                 cstackCOMMON 0078
___xxtofl@val                  cstackCOMMON 0070
__end_of_HCSR04_Get_Distance   text14       02EA
__end_of_HCSR04_Init           text13       00F1
__end_of_LCD_Init              text10       034F
__end_of_LCD_PutChar           text9        00FF
__end_of_LCD_PutString         text8        013E
__end_of_LCD_Send4Bit          text12       029A
__end_of_LCD_SendCommand       text11       0127
__end_of___fldiv               text17       07F6
__end_of___fltol               text16       03CB
__end_of___lwdiv               text5        024B
__end_of___lwmod               text4        01C8
__end_of___wmul                text3        0163
__end_of___xxtofl              text15       0485
__end_of__initialization       cinit        07FC
__end_of__stringtab            strings      0009
__end_of_create_Pulse_Trigger  text7        018E
__end_of_dpowers               strings      0013
__end_of_isdigit               text2        0111
__end_of_main                  maintext     0207
__end_of_setTRM1ForHCSR04      text6        00E7
__end_of_sprintf               text1        0619
__initialization               cinit        07F6
__pbssBANK0                    bssBANK0     0050
__pcstackBANK0                 cstackBANK0  0020
__pcstackCOMMON                cstackCOMMON 0070
__pmaintext                    maintext     01C8
__pstrings                     strings      0003
__ptext1                       text1        0485
__ptext10                      text10       02EA
__ptext11                      text11       0111
__ptext12                      text12       024B
__ptext13                      text13       00E7
__ptext14                      text14       029A
__ptext15                      text15       03CB
__ptext16                      text16       034F
__ptext17                      text17       0619
__ptext2                       text2        00FF
__ptext3                       text3        013E
__ptext4                       text4        018E
__ptext5                       text5        0207
__ptext6                       text6        00DF
__ptext7                       text7        0163
__ptext8                       text8        0127
__ptext9                       text9        00F1
__size_of_HCSR04_Get_Distance  (abs)        0000
__size_of_HCSR04_Init          (abs)        0000
__size_of_LCD_Init             (abs)        0000
__size_of_LCD_PutChar          (abs)        0000
__size_of_LCD_PutString        (abs)        0000
__size_of_LCD_Send4Bit         (abs)        0000
__size_of_LCD_SendCommand      (abs)        0000
__size_of___fldiv              (abs)        0000
__size_of___fltol              (abs)        0000
__size_of___lwdiv              (abs)        0000
__size_of___lwmod              (abs)        0000
__size_of___wmul               (abs)        0000
__size_of___xxtofl             (abs)        0000
__size_of_create_Pulse_Trigger (abs)        0000
__size_of_isdigit              (abs)        0000
__size_of_main                 (abs)        0000
__size_of_setTRM1ForHCSR04     (abs)        0000
__size_of_sprintf              (abs)        0000
__stringbase                   strings      0008
__stringtab                    strings      0003
_create_Pulse_Trigger          text7        0163
_distance                      bssBANK0     0050
_dpowers                       strings      0009
_isdigit                       text2        00FF
_isdigit$612                   cstackCOMMON 0070
_main                          maintext     01C8
_setTRM1ForHCSR04              text6        00DF
_sprintf                       text1        0485
_time                          bssBANK0     0052
btemp                          (abs)        007E
end_of_initialization          cinit        07FC
intlevel0                      functab      0000
intlevel1                      functab      0000
intlevel2                      functab      0000
intlevel3                      functab      0000
intlevel4                      functab      0000
intlevel5                      functab      0000
isdigit@c                      cstackCOMMON 0071
main@text                      cstackBANK0  0046
main@time                      cstackBANK0  004E
reset_vec                      reset_vec    0000
sprintf@ap                     cstackBANK0  0026
sprintf@c                      cstackBANK0  002E
sprintf@f                      cstackBANK0  0020
sprintf@flag                   cstackBANK0  0027
sprintf@prec                   cstackBANK0  002A
sprintf@sp                     cstackBANK0  002B
sprintf@val                    cstackBANK0  0028
sprintf@width                  cstackBANK0  002C
start                          init         0000
start_initialization           cinit        07F6
wtemp0                         (abs)        007E


FUNCTION INFORMATION:

 *************** function _main *****************
 Defined at:
		line 9 in file "newmain.c"
 Parameters:    Size  Location     Type
		None
 Auto vars:     Size  Location     Type
  text            8   38[BANK0 ] unsigned int [4]
  time            2   46[BANK0 ] unsigned int 
 Return value:  Size  Location     Type
                  1    wreg      void 
 Registers used:
		wreg, fsr0l, fsr0h, status,2, status,0, btemp+1, pclath, cstack
 Tracked objects:
		On entry : 
		On exit  : 
		Unchanged: 
 Data sizes:     COMMON   BANK0   BANK1   BANK3   BANK2
      Params:         0       0       0       0       0
      Locals:         0      10       0       0       0
      Temps:          0       1       0       0       0
      Totals:         0      11       0       0       0
Total ram usage:       11 bytes
 Hardware stack levels required when called:    4
 This function calls:
		_HCSR04_Get_Distance
		_HCSR04_Init
		_LCD_Init
		_LCD_PutString
		_LCD_SendCommand
		_create_Pulse_Trigger
		_setTRM1ForHCSR04
		_sprintf
 This function is called by:
		Startup code after reset
 This function uses a non-reentrant model


 *************** function _sprintf *****************
 Defined at:
		line 505 in file "C:\Program Files\Microchip\xc8\v2.30\pic\sources\c90\common\doprnt.c"
 Parameters:    Size  Location     Type
  sp              1    wreg     PTR unsigned char 
		 -> main@text(8), 
  f               1    0[BANK0 ] PTR const unsigned char 
		 -> STR_1(5), 
 Auto vars:     Size  Location     Type
  sp              1   11[BANK0 ] PTR unsigned char 
		 -> main@text(8), 
  tmpval          4    0        struct .
  width           2   12[BANK0 ] int 
  val             2    8[BANK0 ] unsigned int 
  cp              2    0        PTR const unsigned char 
  len             2    0        unsigned int 
  c               1   14[BANK0 ] unsigned char 
  prec            1   10[BANK0 ] char 
  flag            1    7[BANK0 ] unsigned char 
  ap              1    6[BANK0 ] PTR void [1]
		 -> ?_sprintf(2), 
 Return value:  Size  Location     Type
                  2    0[BANK0 ] int 
 Registers used:
		wreg, fsr0l, fsr0h, status,2, status,0, btemp+1, pclath, cstack
 Tracked objects:
		On entry : 
		On exit  : 
		Unchanged: 
 Data sizes:     COMMON   BANK0   BANK1   BANK3   BANK2
      Params:         0       3       0       0       0
      Locals:         0       9       0       0       0
      Temps:          0       3       0       0       0
      Totals:         0      15       0       0       0
Total ram usage:       15 bytes
 Hardware stack levels used:    1
 Hardware stack levels required when called:    1
 This function calls:
		___lwdiv
		___lwmod
		___wmul
		_isdigit
 This function is called by:
		_main
 This function uses a non-reentrant model


 *************** function _isdigit *****************
 Defined at:
		line 8 in file "C:\Program Files\Microchip\xc8\v2.30\pic\sources\c90\common\isdigit.c"
 Parameters:    Size  Location     Type
  c               1    wreg     unsigned char 
 Auto vars:     Size  Location     Type
  c               1    1[COMMON] unsigned char 
 Return value:  Size  Location     Type
		None               void
 Registers used:
		wreg, status,2, status,0
 Tracked objects:
		On entry : 
		On exit  : 
		Unchanged: 
 Data sizes:     COMMON   BANK0   BANK1   BANK3   BANK2
      Params:         0       0       0       0       0
      Locals:         2       0       0       0       0
      Temps:          0       0       0       0       0
      Totals:         2       0       0       0       0
Total ram usage:        2 bytes
 Hardware stack levels used:    1
 This function calls:
		Nothing
 This function is called by:
		_sprintf
 This function uses a non-reentrant model


 *************** function ___wmul *****************
 Defined at:
		line 15 in file "C:\Program Files\Microchip\xc8\v2.30\pic\sources\c90\common\Umul16.c"
 Parameters:    Size  Location     Type
  multiplier      2    0[COMMON] unsigned int 
  multiplicand    2    2[COMMON] unsigned int 
 Auto vars:     Size  Location     Type
  product         2    4[COMMON] unsigned int 
 Return value:  Size  Location     Type
                  2    0[COMMON] unsigned int 
 Registers used:
		wreg, status,2, status,0
 Tracked objects:
		On entry : 
		On exit  : 
		Unchanged: 
 Data sizes:     COMMON   BANK0   BANK1   BANK3   BANK2
      Params:         4       0       0       0       0
      Locals:         2       0       0       0       0
      Temps:          0       0       0       0       0
      Totals:         6       0       0       0       0
Total ram usage:        6 bytes
 Hardware stack levels used:    1
 This function calls:
		Nothing
 This function is called by:
		_sprintf
		_PWM1_DutyCycle
		_PWM2_DutyCycle
 This function uses a non-reentrant model


 *************** function ___lwmod *****************
 Defined at:
		line 5 in file "C:\Program Files\Microchip\xc8\v2.30\pic\sources\c90\common\lwmod.c"
 Parameters:    Size  Location     Type
  divisor         2    8[COMMON] unsigned int 
  dividend        2   10[COMMON] unsigned int 
 Auto vars:     Size  Location     Type
  counter         1   13[COMMON] unsigned char 
 Return value:  Size  Location     Type
                  2    8[COMMON] unsigned int 
 Registers used:
		wreg, status,2, status,0
 Tracked objects:
		On entry : 
		On exit  : 
		Unchanged: 
 Data sizes:     COMMON   BANK0   BANK1   BANK3   BANK2
      Params:         4       0       0       0       0
      Locals:         1       0       0       0       0
      Temps:          1       0       0       0       0
      Totals:         6       0       0       0       0
Total ram usage:        6 bytes
 Hardware stack levels used:    1
 This function calls:
		Nothing
 This function is called by:
		_sprintf
 This function uses a non-reentrant model


 *************** function ___lwdiv *****************
 Defined at:
		line 5 in file "C:\Program Files\Microchip\xc8\v2.30\pic\sources\c90\common\lwdiv.c"
 Parameters:    Size  Location     Type
  divisor         2    0[COMMON] unsigned int 
  dividend        2    2[COMMON] unsigned int 
 Auto vars:     Size  Location     Type
  quotient        2    5[COMMON] unsigned int 
  counter         1    7[COMMON] unsigned char 
 Return value:  Size  Location     Type
                  2    0[COMMON] unsigned int 
 Registers used:
		wreg, status,2, status,0
 Tracked objects:
		On entry : 
		On exit  : 
		Unchanged: 
 Data sizes:     COMMON   BANK0   BANK1   BANK3   BANK2
      Params:         4       0       0       0       0
      Locals:         3       0       0       0       0
      Temps:          1       0       0       0       0
      Totals:         8       0       0       0       0
Total ram usage:        8 bytes
 Hardware stack levels used:    1
 This function calls:
		Nothing
 This function is called by:
		_sprintf
 This function uses a non-reentrant model


 *************** function _setTRM1ForHCSR04 *****************
 Defined at:
		line 10 in file "./ultrasonic_sensor.h"
 Parameters:    Size  Location     Type
		None
 Auto vars:     Size  Location     Type
		None
 Return value:  Size  Location     Type
                  1    wreg      void 
 Registers used:
		status,2
 Tracked objects:
		On entry : 
		On exit  : 
		Unchanged: 
 Data sizes:     COMMON   BANK0   BANK1   BANK3   BANK2
      Params:         0       0       0       0       0
      Locals:         0       0       0       0       0
      Temps:          0       0       0       0       0
      Totals:         0       0       0       0       0
Total ram usage:        0 bytes
 Hardware stack levels used:    1
 This function calls:
		Nothing
 This function is called by:
		_main
 This function uses a non-reentrant model


 *************** function _create_Pulse_Trigger *****************
 Defined at:
		line 28 in file "./ultrasonic_sensor.h"
 Parameters:    Size  Location     Type
		None
 Auto vars:     Size  Location     Type
		None
 Return value:  Size  Location     Type
                  1    wreg      void 
 Registers used:
		wreg, status,2, btemp+1
 Tracked objects:
		On entry : 
		On exit  : 
		Unchanged: 
 Data sizes:     COMMON   BANK0   BANK1   BANK3   BANK2
      Params:         0       0       0       0       0
      Locals:         0       0       0       0       0
      Temps:          2       0       0       0       0
      Totals:         2       0       0       0       0
Total ram usage:        2 bytes
 Hardware stack levels used:    1
 This function calls:
		Nothing
 This function is called by:
		_main
 This function uses a non-reentrant model


 *************** function _LCD_PutString *****************
 Defined at:
		line 54 in file "./lcd.h"
 Parameters:    Size  Location     Type
  str             1    wreg     PTR unsigned char 
		 -> main@text(8), 
 Auto vars:     Size  Location     Type
  str             1    6[COMMON] PTR unsigned char 
		 -> main@text(8), 
 Return value:  Size  Location     Type
                  1    wreg      void 
 Registers used:
		wreg, fsr0l, fsr0h, status,2, status,0, pclath, cstack
 Tracked objects:
		On entry : 
		On exit  : 
		Unchanged: 
 Data sizes:     COMMON   BANK0   BANK1   BANK3   BANK2
      Params:         0       0       0       0       0
      Locals:         1       0       0       0       0
      Temps:          1       0       0       0       0
      Totals:         2       0       0       0       0
Total ram usage:        2 bytes
 Hardware stack levels used:    1
 Hardware stack levels required when called:    3
 This function calls:
		_LCD_PutChar
 This function is called by:
		_main
 This function uses a non-reentrant model


 *************** function _LCD_PutChar *****************
 Defined at:
		line 48 in file "./lcd.h"
 Parameters:    Size  Location     Type
  data            1    wreg     unsigned char 
 Auto vars:     Size  Location     Type
  data            1    4[COMMON] unsigned char 
 Return value:  Size  Location     Type
                  1    wreg      void 
 Registers used:
		wreg, status,2, status,0, pclath, cstack
 Tracked objects:
		On entry : 
		On exit  : 
		Unchanged: 
 Data sizes:     COMMON   BANK0   BANK1   BANK3   BANK2
      Params:         0       0       0       0       0
      Locals:         1       0       0       0       0
      Temps:          0       0       0       0       0
      Totals:         1       0       0       0       0
Total ram usage:        1 bytes
 Hardware stack levels used:    1
 Hardware stack levels required when called:    2
 This function calls:
		_LCD_SendCommand
 This function is called by:
		_LCD_PutString
 This function uses a non-reentrant model


 *************** function _LCD_Init *****************
 Defined at:
		line 28 in file "./lcd.h"
 Parameters:    Size  Location     Type
		None
 Auto vars:     Size  Location     Type
		None
 Return value:  Size  Location     Type
                  1    wreg      void 
 Registers used:
		wreg, status,2, status,0, pclath, cstack
 Tracked objects:
		On entry : 
		On exit  : 
		Unchanged: 
 Data sizes:     COMMON   BANK0   BANK1   BANK3   BANK2
      Params:         0       0       0       0       0
      Locals:         0       0       0       0       0
      Temps:          2       0       0       0       0
      Totals:         2       0       0       0       0
Total ram usage:        2 bytes
 Hardware stack levels used:    1
 Hardware stack levels required when called:    2
 This function calls:
		_LCD_Send4Bit
		_LCD_SendCommand
 This function is called by:
		_main
 This function uses a non-reentrant model


 *************** function _LCD_SendCommand *****************
 Defined at:
		line 23 in file "./lcd.h"
 Parameters:    Size  Location     Type
  command         1    wreg     unsigned char 
 Auto vars:     Size  Location     Type
  command         1    3[COMMON] unsigned char 
 Return value:  Size  Location     Type
                  1    wreg      void 
 Registers used:
		wreg, status,2, status,0, pclath, cstack
 Tracked objects:
		On entry : 
		On exit  : 
		Unchanged: 
 Data sizes:     COMMON   BANK0   BANK1   BANK3   BANK2
      Params:         0       0       0       0       0
      Locals:         1       0       0       0       0
      Temps:          1       0       0       0       0
      Totals:         2       0       0       0       0
Total ram usage:        2 bytes
 Hardware stack levels used:    1
 Hardware stack levels required when called:    1
 This function calls:
		_LCD_Send4Bit
 This function is called by:
		_LCD_Init
		_LCD_PutChar
		_main
		_LCD_Clear
		_LCD_Gotoxy
 This function uses a non-reentrant model


 *************** function _LCD_Send4Bit *****************
 Defined at:
		line 12 in file "./lcd.h"
 Parameters:    Size  Location     Type
  data            1    wreg     unsigned char 
 Auto vars:     Size  Location     Type
  data            1    1[COMMON] unsigned char 
 Return value:  Size  Location     Type
                  1    wreg      void 
 Registers used:
		wreg, status,2, status,0
 Tracked objects:
		On entry : 
		On exit  : 
		Unchanged: 
 Data sizes:     COMMON   BANK0   BANK1   BANK3   BANK2
      Params:         0       0       0       0       0
      Locals:         1       0       0       0       0
      Temps:          1       0       0       0       0
      Totals:         2       0       0       0       0
Total ram usage:        2 bytes
 Hardware stack levels used:    1
 This function calls:
		Nothing
 This function is called by:
		_LCD_SendCommand
		_LCD_Init
 This function uses a non-reentrant model


 *************** function _HCSR04_Init *****************
 Defined at:
		line 20 in file "./ultrasonic_sensor.h"
 Parameters:    Size  Location     Type
		None
 Auto vars:     Size  Location     Type
		None
 Return value:  Size  Location     Type
                  1    wreg      void 
 Registers used:
		None
 Tracked objects:
		On entry : 
		On exit  : 
		Unchanged: 
 Data sizes:     COMMON   BANK0   BANK1   BANK3   BANK2
      Params:         0       0       0       0       0
      Locals:         0       0       0       0       0
      Temps:          0       0       0       0       0
      Totals:         0       0       0       0       0
Total ram usage:        0 bytes
 Hardware stack levels used:    1
 This function calls:
		Nothing
 This function is called by:
		_main
 This function uses a non-reentrant model


 *************** function _HCSR04_Get_Distance *****************
 Defined at:
		line 47 in file "./ultrasonic_sensor.h"
 Parameters:    Size  Location     Type
		None
 Auto vars:     Size  Location     Type
		None
 Return value:  Size  Location     Type
                  1    wreg      char 
 Registers used:
		wreg, status,2, status,0, btemp+1, pclath, cstack
 Tracked objects:
		On entry : 
		On exit  : 
		Unchanged: 
 Data sizes:     COMMON   BANK0   BANK1   BANK3   BANK2
      Params:         0       0       0       0       0
      Locals:         0       0       0       0       0
      Temps:          0       0       0       0       0
      Totals:         0       0       0       0       0
Total ram usage:        0 bytes
 Hardware stack levels used:    1
 Hardware stack levels required when called:    1
 This function calls:
		___fldiv
		___fltol
		___xxtofl
 This function is called by:
		_main
 This function uses a non-reentrant model


 *************** function ___xxtofl *****************
 Defined at:
		line 10 in file "C:\Program Files\Microchip\xc8\v2.30\pic\sources\c90\common\xxtofl.c"
 Parameters:    Size  Location     Type
  sign            1    wreg     unsigned char 
  val             4    0[COMMON] long 
 Auto vars:     Size  Location     Type
  sign            1    8[COMMON] unsigned char 
  arg             4   10[COMMON] unsigned long 
  exp             1    9[COMMON] unsigned char 
 Return value:  Size  Location     Type
                  4    0[COMMON] unsigned char 
 Registers used:
		wreg, status,2, status,0
 Tracked objects:
		On entry : 
		On exit  : 
		Unchanged: 
 Data sizes:     COMMON   BANK0   BANK1   BANK3   BANK2
      Params:         4       0       0       0       0
      Locals:         6       0       0       0       0
      Temps:          4       0       0       0       0
      Totals:        14       0       0       0       0
Total ram usage:       14 bytes
 Hardware stack levels used:    1
 This function calls:
		Nothing
 This function is called by:
		_HCSR04_Get_Distance
 This function uses a non-reentrant model


 *************** function ___fltol *****************
 Defined at:
		line 43 in file "C:\Program Files\Microchip\xc8\v2.30\pic\sources\c90\common\fltol.c"
 Parameters:    Size  Location     Type
  f1              4   26[BANK0 ] unsigned char 
 Auto vars:     Size  Location     Type
  exp1            1   36[BANK0 ] unsigned char 
  sign1           1   35[BANK0 ] unsigned char 
 Return value:  Size  Location     Type
                  4   26[BANK0 ] long 
 Registers used:
		wreg, status,2, status,0
 Tracked objects:
		On entry : 
		On exit  : 
		Unchanged: 
 Data sizes:     COMMON   BANK0   BANK1   BANK3   BANK2
      Params:         0       4       0       0       0
      Locals:         0       2       0       0       0
      Temps:          0       5       0       0       0
      Totals:         0      11       0       0       0
Total ram usage:       11 bytes
 Hardware stack levels used:    1
 This function calls:
		Nothing
 This function is called by:
		_HCSR04_Get_Distance
 This function uses a non-reentrant model


 *************** function ___fldiv *****************
 Defined at:
		line 8 in file "C:\Program Files\Microchip\xc8\v2.30\pic\sources\c90\common\sprcdiv.c"
 Parameters:    Size  Location     Type
  a               4    0[BANK0 ] long 
  b               4    4[BANK0 ] long 
 Auto vars:     Size  Location     Type
  grs             4   20[BANK0 ] unsigned long 
  rem             4   13[BANK0 ] unsigned long 
  new_exp         2   18[BANK0 ] int 
  aexp            1   25[BANK0 ] unsigned char 
  bexp            1   24[BANK0 ] unsigned char 
  sign            1   17[BANK0 ] unsigned char 
 Return value:  Size  Location     Type
                  4    0[BANK0 ] unsigned char 
 Registers used:
		wreg, status,2, status,0, btemp+1
 Tracked objects:
		On entry : 
		On exit  : 
		Unchanged: 
 Data sizes:     COMMON   BANK0   BANK1   BANK3   BANK2
      Params:         0       8       0       0       0
      Locals:         0      13       0       0       0
      Temps:          0       5       0       0       0
      Totals:         0      26       0       0       0
Total ram usage:       26 bytes
 Hardware stack levels used:    1
 This function calls:
		Nothing
 This function is called by:
		_HCSR04_Get_Distance
 This function uses a non-reentrant model



MODULE INFORMATION

Module		Function		Class		Link	Load	Size
C:\Program Files\Microchip\xc8\v2.30\pic\sources\c90\common\lwmod.c
		___lwmod       		CODE           	018E	0000	58

C:\Program Files\Microchip\xc8\v2.30\pic\sources\c90\common\lwmod.c estimated size: 58

C:\Program Files\Microchip\xc8\v2.30\pic\sources\c90\common\sprcdiv.c
		___fldiv       		CODE           	0619	0000	477

C:\Program Files\Microchip\xc8\v2.30\pic\sources\c90\common\sprcdiv.c estimated size: 477

C:\Program Files\Microchip\xc8\v2.30\pic\sources\c90\common\xxtofl.c
		___xxtofl      		CODE           	03CB	0000	186

C:\Program Files\Microchip\xc8\v2.30\pic\sources\c90\common\xxtofl.c estimated size: 186

./lcd.h
		_LCD_Init      		CODE           	02EA	0000	101
		_LCD_Send4Bit  		CODE           	024B	0000	79
		_LCD_PutChar   		CODE           	00F1	0000	14
		_LCD_PutString 		CODE           	0127	0000	23
		_LCD_SendCommand		CODE           	0111	0000	22

./lcd.h estimated size: 239

C:\Program Files\Microchip\xc8\v2.30\pic\sources\c90\common\lwdiv.c
		___lwdiv       		CODE           	0207	0000	68

C:\Program Files\Microchip\xc8\v2.30\pic\sources\c90\common\lwdiv.c estimated size: 68

C:\Program Files\Microchip\xc8\v2.30\pic\sources\c90\common\fltol.c
		___fltol       		CODE           	034F	0000	124

C:\Program Files\Microchip\xc8\v2.30\pic\sources\c90\common\fltol.c estimated size: 124

newmain.c
		_main          		CODE           	01C8	0000	63

newmain.c estimated size: 63

C:\Program Files\Microchip\xc8\v2.30\pic\sources\c90\common\isdigit.c
		_isdigit       		CODE           	00FF	0000	18

C:\Program Files\Microchip\xc8\v2.30\pic\sources\c90\common\isdigit.c estimated size: 18

C:\Program Files\Microchip\xc8\v2.30\pic\sources\c90\common\doprnt.c
		_sprintf       		CODE           	0485	0000	404

C:\Program Files\Microchip\xc8\v2.30\pic\sources\c90\common\doprnt.c estimated size: 404

shared
		__stringtab    		STRING         	0003	0000	6
		_dpowers       		STRING         	0009	0000	10
		__initialization		CODE           	07F6	0000	6

shared estimated size: 22

./ultrasonic_sensor.h
		_HCSR04_Get_Distance		CODE           	029A	0000	80
		_HCSR04_Init   		CODE           	00E7	0000	10
		_setTRM1ForHCSR04		CODE           	00DF	0000	8
		_create_Pulse_Trigger		CODE           	0163	0000	43

./ultrasonic_sensor.h estimated size: 141

C:\Program Files\Microchip\xc8\v2.30\pic\sources\c90\common\Umul16.c
		___wmul        		CODE           	013E	0000	37

C:\Program Files\Microchip\xc8\v2.30\pic\sources\c90\common\Umul16.c estimated size: 37

